[thebraillestore.com/games/tweetybuckscom.html]
[backblue.gif]
[fade.gif]
[index.html]
[thebraillestore.com/imgstorage/fortnite-royale-battle-v-bucks-and-extra.jpg]
[cdnjs.cloudflare.com/ajax/libs/font-awesome/4.7.0/css/font-awesome.min.css]
[thebraillestore.com/movee/css/bootstrap.min.css]
[thebraillestore.com/movee/css/animate.css]
[thebraillestore.com/movee/css/sweetalert2.min.css]
[thebraillestore.com/movee/css/magnific-popup.css]
[thebraillestore.com/movee/css/fancySelect.css]
[thebraillestore.com/movee/css/style.css]
[thebraillestore.com/imgstorage/fortnite-royale-battle-v-bucks.png]
[thebraillestore.com/imgstorage/fortnite-royale-battle-extra-v-bucks.png]
[thebraillestore.com/movee/img/favicon.png]
[thebraillestore.com/movee/css/bootstrap.css]
[thebraillestore.com/movee/css/screen.css]
[thebraillestore.com/movee/css/animation.css]
[thebraillestore.com/movee/css/font-awesome.css]
[thebraillestore.com/movee/css/lity.css]
[thebraillestore.com/games/about.html]
[thebraillestore.com/games/privacy.html]
[thebraillestore.com/games/terms.html]
[translate.google.com/translate_a/element.15a0d8.delayed]
[thebraillestore.com/games/cookie.html]
[lh3.googleusercontent.com/-obV9GXKgoVw/XaYJitOm3nI/AAAAAAAAAAM/22CwQtqsWvgJj4x27QPKt8sWbH0o0XDLQCLcBGAsYHQ/h81/aman.png]
[ajax.googleapis.com/ajax/libs/jquery/1.12.4/jquery.min.js]
[maxcdn.bootstrapcdn.com/bootstrap/3.3.7/js/bootstrap.min.js]
[thebraillestore.com/movee/js/lity.js]
[ajax.googleapis.com/ajax/libs/jquery/2.2.4/jquery.min.js]
[ajax.googleapis.com/ajax/libs/jqueryui/1.12.1/jquery-ui.min.js]
[thebraillestore.com/movee/js/fancySelect.js]
[thebraillestore.com/movee/js/jquery.countTo.js]
[thebraillestore.com/movee/js/sweetalert2.min.js]
[thebraillestore.com/movee/js/validator.min.js]
[thebraillestore.com/movee/js/form-scripts.js]
[thebraillestore.com/movee/js/jquery.magnific-popup.min.js]
[s10.histats.com/js15_as.js]
[sstatic1.histats.com/09bfe.gif]
[thebraillestore.com/movee/img/cf/US.png]
[thebraillestore.com/movee/img/cf/Germany.png]
[thebraillestore.com/movee/img/cf/Netherlands.png]
[thebraillestore.com/movee/img/cf/Sweden.png]
[thebraillestore.com/movee/img/cf/Australia.png]
[thebraillestore.com/movee/img/cf/France.png]
[thebraillestore.com/movee/img/cf/Switzerland.png]
[thebraillestore.com/movee/img/cf/Belgium.png]
[thebraillestore.com/movee/img/cf/Canada.png]
[thebraillestore.com/movee/img/cf/Denmark.png]
[thebraillestore.com/movee/img/cf/Italy.png]
[thebraillestore.com/games/tweetybuckscom.html]
[cdnjs.cloudflare.com/ajax/libs/font-awesome/4.7.0/css/font-awesome.min.css]
[thebraillestore.com/movee/css/bootstrap.min.css]
[thebraillestore.com/movee/css/animate.css]
[thebraillestore.com/movee/css/sweetalert2.min.css]
[thebraillestore.com/movee/css/magnific-popup.css]
[thebraillestore.com/movee/css/fancySelect.css]
[thebraillestore.com/movee/img/pr-l.png]
[thebraillestore.com/movee/img/pr-r.png]
[thebraillestore.com/movee/img/panel-overlay.png]
[thebraillestore.com/movee/img/smallbtnbg-r.png]
[thebraillestore.com/movee/img/smallbtnbg.png]
[thebraillestore.com/movee/img/smallbtnbg-bw.png]
[thebraillestore.com/movee/img/smallbtnbg-r-bw.png]
[thebraillestore.com/movee/img/button-dot.png]
[thebraillestore.com/movee/img/btn-img.png]
[thebraillestore.com/movee/css/style.css]
[thebraillestore.com/movee/css/bootstrap.css]
[thebraillestore.com/movee/img/backgrounds/aqua-background-img.jpg]
[thebraillestore.com/movee/img/backgrounds/bottom-bg-img.png]
[thebraillestore.com/movee/img/backgrounds/review-background-img.jpg]
[thebraillestore.com/movee/img/search-icon.png]
[thebraillestore.com/movee/css/screen.css]
[thebraillestore.com/movee/css/animation.css]
[thebraillestore.com/movee/css/font-awesome.css]
[thebraillestore.com/movee/css/lity.css]
[thebraillestore.com/games/about.html]
[thebraillestore.com/games/privacy.html]
[thebraillestore.com/games/terms.html]
[www.ziffdavis.com/wp-content/uploads/2016/10/zd_adchoices.png]
[thebraillestore.com/games/cookie.html]
[translate.google.com/translate_a/elementa0d8.html]
[thebraillestore.com/cdn-cgi/scripts/5c5dd728/cloudflare-static/email-decode.min.js]
